<?xml version="1.0"?>
<link_info>
   <banner>TMS320C55x Linker PC v4.4.1</banner>
   <copyright>Copyright (c) 1996-2012 Texas Instruments Incorporated</copyright>
   <link_time>0x5ce2a9f4</link_time>
   <output_file>aic3204.out</output_file>
   <entry_point>
      <name>_c_int00</name>
      <address>0x537a</address>
   </entry_point>
   <input_file_list>
      <input_file id="fl-2">
         <path>.\</path>
         <kind>object</kind>
         <file>aic3204_loop_linein.obj</file>
         <name>aic3204_loop_linein.obj</name>
      </input_file>
      <input_file id="fl-3">
         <path>.\</path>
         <kind>object</kind>
         <file>aic3204_test.obj</file>
         <name>aic3204_test.obj</name>
      </input_file>
      <input_file id="fl-4">
         <path>.\</path>
         <kind>object</kind>
         <file>aic3204_tone_headphone.obj</file>
         <name>aic3204_tone_headphone.obj</name>
      </input_file>
      <input_file id="fl-5">
         <path>.\</path>
         <kind>object</kind>
         <file>main.obj</file>
         <name>main.obj</name>
      </input_file>
      <input_file id="fl-b">
         <path>D:\MATLAB Drive\ezdsp5502_v1\lib\</path>
         <kind>archive</kind>
         <file>ezdsp5502bsl.lib</file>
         <name>ezdsp5502_mcbsp.obj</name>
      </input_file>
      <input_file id="fl-c">
         <path>D:\MATLAB Drive\ezdsp5502_v1\lib\</path>
         <kind>archive</kind>
         <file>ezdsp5502bsl.lib</file>
         <name>ezdsp5502_i2cgpio.obj</name>
      </input_file>
      <input_file id="fl-d">
         <path>D:\MATLAB Drive\ezdsp5502_v1\lib\</path>
         <kind>archive</kind>
         <file>ezdsp5502bsl.lib</file>
         <name>ezdsp5502_i2c.obj</name>
      </input_file>
      <input_file id="fl-e">
         <path>D:\MATLAB Drive\ezdsp5502_v1\lib\</path>
         <kind>archive</kind>
         <file>ezdsp5502bsl.lib</file>
         <name>ezdsp5502.obj</name>
      </input_file>
      <input_file id="fl-f">
         <path>C:\ti\ccs901\ccs\tools\compiler\c5500_4.4.1\lib\</path>
         <kind>archive</kind>
         <file>rts55x.lib</file>
         <name>boot.obj</name>
      </input_file>
      <input_file id="fl-10">
         <path>C:\ti\ccs901\ccs\tools\compiler\c5500_4.4.1\lib\</path>
         <kind>archive</kind>
         <file>rts55x.lib</file>
         <name>exit.obj</name>
      </input_file>
      <input_file id="fl-11">
         <path>C:\ti\ccs901\ccs\tools\compiler\c5500_4.4.1\lib\</path>
         <kind>archive</kind>
         <file>rts55x.lib</file>
         <name>printf.obj</name>
      </input_file>
      <input_file id="fl-12">
         <path>C:\ti\ccs901\ccs\tools\compiler\c5500_4.4.1\lib\</path>
         <kind>archive</kind>
         <file>rts55x.lib</file>
         <name>vectors.obj</name>
      </input_file>
      <input_file id="fl-13">
         <path>C:\ti\ccs901\ccs\tools\compiler\c5500_4.4.1\lib\</path>
         <kind>archive</kind>
         <file>rts55x.lib</file>
         <name>_lock.obj</name>
      </input_file>
      <input_file id="fl-14">
         <path>C:\ti\ccs901\ccs\tools\compiler\c5500_4.4.1\lib\</path>
         <kind>archive</kind>
         <file>rts55x.lib</file>
         <name>_printfi.obj</name>
      </input_file>
      <input_file id="fl-15">
         <path>C:\ti\ccs901\ccs\tools\compiler\c5500_4.4.1\lib\</path>
         <kind>archive</kind>
         <file>rts55x.lib</file>
         <name>args_main.obj</name>
      </input_file>
      <input_file id="fl-16">
         <path>C:\ti\ccs901\ccs\tools\compiler\c5500_4.4.1\lib\</path>
         <kind>archive</kind>
         <file>rts55x.lib</file>
         <name>atoi.obj</name>
      </input_file>
      <input_file id="fl-17">
         <path>C:\ti\ccs901\ccs\tools\compiler\c5500_4.4.1\lib\</path>
         <kind>archive</kind>
         <file>rts55x.lib</file>
         <name>autoinit.obj</name>
      </input_file>
      <input_file id="fl-18">
         <path>C:\ti\ccs901\ccs\tools\compiler\c5500_4.4.1\lib\</path>
         <kind>archive</kind>
         <file>rts55x.lib</file>
         <name>cmpd.obj</name>
      </input_file>
      <input_file id="fl-19">
         <path>C:\ti\ccs901\ccs\tools\compiler\c5500_4.4.1\lib\</path>
         <kind>archive</kind>
         <file>rts55x.lib</file>
         <name>ctype.obj</name>
      </input_file>
      <input_file id="fl-1a">
         <path>C:\ti\ccs901\ccs\tools\compiler\c5500_4.4.1\lib\</path>
         <kind>archive</kind>
         <file>rts55x.lib</file>
         <name>defs.obj</name>
      </input_file>
      <input_file id="fl-1b">
         <path>C:\ti\ccs901\ccs\tools\compiler\c5500_4.4.1\lib\</path>
         <kind>archive</kind>
         <file>rts55x.lib</file>
         <name>divd.obj</name>
      </input_file>
      <input_file id="fl-1c">
         <path>C:\ti\ccs901\ccs\tools\compiler\c5500_4.4.1\lib\</path>
         <kind>archive</kind>
         <file>rts55x.lib</file>
         <name>divul.obj</name>
      </input_file>
      <input_file id="fl-1d">
         <path>C:\ti\ccs901\ccs\tools\compiler\c5500_4.4.1\lib\</path>
         <kind>archive</kind>
         <file>rts55x.lib</file>
         <name>fixdi.obj</name>
      </input_file>
      <input_file id="fl-1e">
         <path>C:\ti\ccs901\ccs\tools\compiler\c5500_4.4.1\lib\</path>
         <kind>archive</kind>
         <file>rts55x.lib</file>
         <name>fixdli.obj</name>
      </input_file>
      <input_file id="fl-1f">
         <path>C:\ti\ccs901\ccs\tools\compiler\c5500_4.4.1\lib\</path>
         <kind>archive</kind>
         <file>rts55x.lib</file>
         <name>fltlid.obj</name>
      </input_file>
      <input_file id="fl-20">
         <path>C:\ti\ccs901\ccs\tools\compiler\c5500_4.4.1\lib\</path>
         <kind>archive</kind>
         <file>rts55x.lib</file>
         <name>fputc.obj</name>
      </input_file>
      <input_file id="fl-21">
         <path>C:\ti\ccs901\ccs\tools\compiler\c5500_4.4.1\lib\</path>
         <kind>archive</kind>
         <file>rts55x.lib</file>
         <name>fputs.obj</name>
      </input_file>
      <input_file id="fl-22">
         <path>C:\ti\ccs901\ccs\tools\compiler\c5500_4.4.1\lib\</path>
         <kind>archive</kind>
         <file>rts55x.lib</file>
         <name>frcmpyd_div.obj</name>
      </input_file>
      <input_file id="fl-23">
         <path>C:\ti\ccs901\ccs\tools\compiler\c5500_4.4.1\lib\</path>
         <kind>archive</kind>
         <file>rts55x.lib</file>
         <name>isinf.obj</name>
      </input_file>
      <input_file id="fl-24">
         <path>C:\ti\ccs901\ccs\tools\compiler\c5500_4.4.1\lib\</path>
         <kind>archive</kind>
         <file>rts55x.lib</file>
         <name>llmpy.obj</name>
      </input_file>
      <input_file id="fl-25">
         <path>C:\ti\ccs901\ccs\tools\compiler\c5500_4.4.1\lib\</path>
         <kind>archive</kind>
         <file>rts55x.lib</file>
         <name>lmpy.obj</name>
      </input_file>
      <input_file id="fl-26">
         <path>C:\ti\ccs901\ccs\tools\compiler\c5500_4.4.1\lib\</path>
         <kind>archive</kind>
         <file>rts55x.lib</file>
         <name>lowlev.obj</name>
      </input_file>
      <input_file id="fl-27">
         <path>C:\ti\ccs901\ccs\tools\compiler\c5500_4.4.1\lib\</path>
         <kind>archive</kind>
         <file>rts55x.lib</file>
         <name>ltoa.obj</name>
      </input_file>
      <input_file id="fl-28">
         <path>C:\ti\ccs901\ccs\tools\compiler\c5500_4.4.1\lib\</path>
         <kind>archive</kind>
         <file>rts55x.lib</file>
         <name>memccpy.obj</name>
      </input_file>
      <input_file id="fl-29">
         <path>C:\ti\ccs901\ccs\tools\compiler\c5500_4.4.1\lib\</path>
         <kind>archive</kind>
         <file>rts55x.lib</file>
         <name>memcpy.obj</name>
      </input_file>
      <input_file id="fl-2a">
         <path>C:\ti\ccs901\ccs\tools\compiler\c5500_4.4.1\lib\</path>
         <kind>archive</kind>
         <file>rts55x.lib</file>
         <name>mpyd.obj</name>
      </input_file>
      <input_file id="fl-2b">
         <path>C:\ti\ccs901\ccs\tools\compiler\c5500_4.4.1\lib\</path>
         <kind>archive</kind>
         <file>rts55x.lib</file>
         <name>negd.obj</name>
      </input_file>
      <input_file id="fl-2c">
         <path>C:\ti\ccs901\ccs\tools\compiler\c5500_4.4.1\lib\</path>
         <kind>archive</kind>
         <file>rts55x.lib</file>
         <name>remli.obj</name>
      </input_file>
      <input_file id="fl-2d">
         <path>C:\ti\ccs901\ccs\tools\compiler\c5500_4.4.1\lib\</path>
         <kind>archive</kind>
         <file>rts55x.lib</file>
         <name>remul.obj</name>
      </input_file>
      <input_file id="fl-2e">
         <path>C:\ti\ccs901\ccs\tools\compiler\c5500_4.4.1\lib\</path>
         <kind>archive</kind>
         <file>rts55x.lib</file>
         <name>subd.obj</name>
      </input_file>
      <input_file id="fl-2f">
         <path>C:\ti\ccs901\ccs\tools\compiler\c5500_4.4.1\lib\</path>
         <kind>archive</kind>
         <file>rts55x.lib</file>
         <name>trgdrv.obj</name>
      </input_file>
      <input_file id="fl-30">
         <path>C:\ti\ccs901\ccs\tools\compiler\c5500_4.4.1\lib\</path>
         <kind>archive</kind>
         <file>rts55x.lib</file>
         <name>trgmsg.obj</name>
      </input_file>
      <input_file id="fl-31">
         <path>C:\ti\ccs901\ccs\tools\compiler\c5500_4.4.1\lib\</path>
         <kind>archive</kind>
         <file>rts55x.lib</file>
         <name>udiv.obj</name>
      </input_file>
      <input_file id="fl-32">
         <path>C:\ti\ccs901\ccs\tools\compiler\c5500_4.4.1\lib\</path>
         <kind>archive</kind>
         <file>rts55x.lib</file>
         <name>_io_perm.obj</name>
      </input_file>
      <input_file id="fl-33">
         <path>C:\ti\ccs901\ccs\tools\compiler\c5500_4.4.1\lib\</path>
         <kind>archive</kind>
         <file>rts55x.lib</file>
         <name>addd.obj</name>
      </input_file>
      <input_file id="fl-34">
         <path>C:\ti\ccs901\ccs\tools\compiler\c5500_4.4.1\lib\</path>
         <kind>archive</kind>
         <file>rts55x.lib</file>
         <name>divli.obj</name>
      </input_file>
      <input_file id="fl-35">
         <path>C:\ti\ccs901\ccs\tools\compiler\c5500_4.4.1\lib\</path>
         <kind>archive</kind>
         <file>rts55x.lib</file>
         <name>fflush.obj</name>
      </input_file>
      <input_file id="fl-36">
         <path>C:\ti\ccs901\ccs\tools\compiler\c5500_4.4.1\lib\</path>
         <kind>archive</kind>
         <file>rts55x.lib</file>
         <name>frcmpyd.obj</name>
      </input_file>
      <input_file id="fl-37">
         <path>C:\ti\ccs901\ccs\tools\compiler\c5500_4.4.1\lib\</path>
         <kind>archive</kind>
         <file>rts55x.lib</file>
         <name>fseek.obj</name>
      </input_file>
      <input_file id="fl-38">
         <path>C:\ti\ccs901\ccs\tools\compiler\c5500_4.4.1\lib\</path>
         <kind>archive</kind>
         <file>rts55x.lib</file>
         <name>setvbuf.obj</name>
      </input_file>
      <input_file id="fl-39">
         <path>C:\ti\ccs901\ccs\tools\compiler\c5500_4.4.1\lib\</path>
         <kind>archive</kind>
         <file>rts55x.lib</file>
         <name>fopen.obj</name>
      </input_file>
      <input_file id="fl-3a">
         <path>C:\ti\ccs901\ccs\tools\compiler\c5500_4.4.1\lib\</path>
         <kind>archive</kind>
         <file>rts55x.lib</file>
         <name>memory.obj</name>
      </input_file>
      <input_file id="fl-3b">
         <path>C:\ti\ccs901\ccs\tools\compiler\c5500_4.4.1\lib\</path>
         <kind>archive</kind>
         <file>rts55x.lib</file>
         <name>fclose.obj</name>
      </input_file>
      <input_file id="fl-3c">
         <path>C:\ti\ccs901\ccs\tools\compiler\c5500_4.4.1\lib\</path>
         <kind>archive</kind>
         <file>rts55x.lib</file>
         <name>remove.obj</name>
      </input_file>
      <input_file id="fl-3d">
         <path>D:\MATLAB Drive\ezdsp5502_v1\C55xxCSL\lib\</path>
         <kind>archive</kind>
         <file>csl5502x.lib</file>
         <name>_csl_init.obj</name>
      </input_file>
      <input_file id="fl-3e">
         <path>D:\MATLAB Drive\ezdsp5502_v1\C55xxCSL\lib\</path>
         <kind>archive</kind>
         <file>csl5502x.lib</file>
         <name>csl.obj</name>
      </input_file>
      <input_file id="fl-3f">
         <path>D:\MATLAB Drive\ezdsp5502_v1\C55xxCSL\lib\</path>
         <kind>archive</kind>
         <file>csl5502x.lib</file>
         <name>csl_csldat.obj</name>
      </input_file>
      <input_file id="fl-40">
         <path>D:\MATLAB Drive\ezdsp5502_v1\C55xxCSL\lib\</path>
         <kind>archive</kind>
         <file>csl5502x.lib</file>
         <name>i2c_cfg.obj</name>
      </input_file>
      <input_file id="fl-41">
         <path>D:\MATLAB Drive\ezdsp5502_v1\C55xxCSL\lib\</path>
         <kind>archive</kind>
         <file>csl5502x.lib</file>
         <name>i2c_read.obj</name>
      </input_file>
      <input_file id="fl-42">
         <path>D:\MATLAB Drive\ezdsp5502_v1\C55xxCSL\lib\</path>
         <kind>archive</kind>
         <file>csl5502x.lib</file>
         <name>i2c_write.obj</name>
      </input_file>
      <input_file id="fl-43">
         <path>D:\MATLAB Drive\ezdsp5502_v1\C55xxCSL\lib\</path>
         <kind>archive</kind>
         <file>csl5502x.lib</file>
         <name>irq_gdisab.obj</name>
      </input_file>
      <input_file id="fl-44">
         <path>D:\MATLAB Drive\ezdsp5502_v1\C55xxCSL\lib\</path>
         <kind>archive</kind>
         <file>csl5502x.lib</file>
         <name>irq_grest.obj</name>
      </input_file>
      <input_file id="fl-45">
         <path>D:\MATLAB Drive\ezdsp5502_v1\C55xxCSL\lib\</path>
         <kind>archive</kind>
         <file>csl5502x.lib</file>
         <name>mcbsp_cfg.obj</name>
      </input_file>
      <input_file id="fl-46">
         <path>D:\MATLAB Drive\ezdsp5502_v1\C55xxCSL\lib\</path>
         <kind>archive</kind>
         <file>csl5502x.lib</file>
         <name>mcbsp_cls.obj</name>
      </input_file>
      <input_file id="fl-47">
         <path>D:\MATLAB Drive\ezdsp5502_v1\C55xxCSL\lib\</path>
         <kind>archive</kind>
         <file>csl5502x.lib</file>
         <name>mcbsp_open.obj</name>
      </input_file>
      <input_file id="fl-48">
         <path>D:\MATLAB Drive\ezdsp5502_v1\C55xxCSL\lib\</path>
         <kind>archive</kind>
         <file>csl5502x.lib</file>
         <name>mcbsp_r16.obj</name>
      </input_file>
      <input_file id="fl-49">
         <path>D:\MATLAB Drive\ezdsp5502_v1\C55xxCSL\lib\</path>
         <kind>archive</kind>
         <file>csl5502x.lib</file>
         <name>mcbsp_rst.obj</name>
      </input_file>
      <input_file id="fl-4a">
         <path>D:\MATLAB Drive\ezdsp5502_v1\C55xxCSL\lib\</path>
         <kind>archive</kind>
         <file>csl5502x.lib</file>
         <name>mcbsp_start.obj</name>
      </input_file>
      <input_file id="fl-4b">
         <path>D:\MATLAB Drive\ezdsp5502_v1\C55xxCSL\lib\</path>
         <kind>archive</kind>
         <file>csl5502x.lib</file>
         <name>mcbsp_w16.obj</name>
      </input_file>
      <input_file id="fl-4c">
         <path>D:\MATLAB Drive\ezdsp5502_v1\C55xxCSL\lib\</path>
         <kind>archive</kind>
         <file>csl5502x.lib</file>
         <name>csl_mcbspdat.obj</name>
      </input_file>
   </input_file_list>
   <object_component_list>
      <object_component id="oc-5b">
         <name>.text</name>
         <load_address>0x300</load_address>
         <run_address>0x300</run_address>
         <size>0x15a4</size>
         <input_file_ref idref="fl-14"/>
      </object_component>
      <object_component id="oc-a5">
         <name>.text</name>
         <load_address>0x18a4</load_address>
         <run_address>0x18a4</run_address>
         <size>0x543</size>
         <input_file_ref idref="fl-26"/>
      </object_component>
      <object_component id="oc-cb">
         <name>.text</name>
         <load_address>0x1de7</load_address>
         <run_address>0x1de7</run_address>
         <size>0x528</size>
         <input_file_ref idref="fl-2f"/>
      </object_component>
      <object_component id="oc-fc">
         <name>.text</name>
         <load_address>0x230f</load_address>
         <run_address>0x230f</run_address>
         <size>0x4b5</size>
         <input_file_ref idref="fl-3a"/>
      </object_component>
      <object_component id="oc-77">
         <name>.text</name>
         <load_address>0x27c4</load_address>
         <run_address>0x27c4</run_address>
         <size>0x3cc</size>
         <input_file_ref idref="fl-1b"/>
      </object_component>
      <object_component id="oc-f6">
         <name>.text</name>
         <load_address>0x2b90</load_address>
         <run_address>0x2b90</run_address>
         <size>0x27f</size>
         <input_file_ref idref="fl-39"/>
      </object_component>
      <object_component id="oc-14">
         <name>.text</name>
         <load_address>0x2e0f</load_address>
         <run_address>0x2e0f</run_address>
         <size>0x264</size>
         <input_file_ref idref="fl-2"/>
      </object_component>
      <object_component id="oc-119">
         <name>.text:MCBSP_reset</name>
         <load_address>0x3074</load_address>
         <run_address>0x3074</run_address>
         <size>0x261</size>
         <input_file_ref idref="fl-49"/>
      </object_component>
      <object_component id="oc-9d">
         <name>.text</name>
         <load_address>0x32d5</load_address>
         <run_address>0x32d5</run_address>
         <size>0x25e</size>
         <input_file_ref idref="fl-24"/>
      </object_component>
      <object_component id="oc-de">
         <name>.text</name>
         <load_address>0x3533</load_address>
         <run_address>0x3533</run_address>
         <size>0x25a</size>
         <input_file_ref idref="fl-33"/>
      </object_component>
      <object_component id="oc-20">
         <name>.text</name>
         <load_address>0x378d</load_address>
         <run_address>0x378d</run_address>
         <size>0x249</size>
         <input_file_ref idref="fl-4"/>
      </object_component>
      <object_component id="oc-6d">
         <name>.text</name>
         <load_address>0x39d6</load_address>
         <run_address>0x39d6</run_address>
         <size>0x1ea</size>
         <input_file_ref idref="fl-18"/>
      </object_component>
      <object_component id="oc-112">
         <name>.text:I2C_write</name>
         <load_address>0x3bc0</load_address>
         <run_address>0x3bc0</run_address>
         <size>0x18e</size>
         <input_file_ref idref="fl-42"/>
      </object_component>
      <object_component id="oc-90">
         <name>.text</name>
         <load_address>0x3d4e</load_address>
         <run_address>0x3d4e</run_address>
         <size>0x163</size>
         <input_file_ref idref="fl-21"/>
      </object_component>
      <object_component id="oc-51">
         <name>.text</name>
         <load_address>0x3eb1</load_address>
         <run_address>0x3eb1</run_address>
         <size>0x2</size>
         <input_file_ref idref="fl-12"/>
      </object_component>
      <object_component id="oc-111">
         <name>.text:I2C_read</name>
         <load_address>0x3eb4</load_address>
         <run_address>0x3eb4</run_address>
         <size>0x15d</size>
         <input_file_ref idref="fl-41"/>
      </object_component>
      <object_component id="oc-33">
         <name>.text</name>
         <load_address>0x4011</load_address>
         <run_address>0x4011</run_address>
         <size>0x14e</size>
         <input_file_ref idref="fl-c"/>
      </object_component>
      <object_component id="oc-b7">
         <name>.text</name>
         <load_address>0x415f</load_address>
         <run_address>0x415f</run_address>
         <size>0x14c</size>
         <input_file_ref idref="fl-2a"/>
      </object_component>
      <object_component id="oc-115">
         <name>.text:MCBSP_config</name>
         <load_address>0x42ac</load_address>
         <run_address>0x42ac</run_address>
         <size>0x130</size>
         <input_file_ref idref="fl-45"/>
      </object_component>
      <object_component id="oc-117">
         <name>.text:MCBSP_open</name>
         <load_address>0x43dc</load_address>
         <run_address>0x43dc</run_address>
         <size>0xee</size>
         <input_file_ref idref="fl-47"/>
      </object_component>
      <object_component id="oc-f2">
         <name>.text</name>
         <load_address>0x44ca</load_address>
         <run_address>0x44ca</run_address>
         <size>0xe6</size>
         <input_file_ref idref="fl-38"/>
      </object_component>
      <object_component id="oc-da">
         <name>.text</name>
         <load_address>0x45b0</load_address>
         <run_address>0x45b0</run_address>
         <size>0xdd</size>
         <input_file_ref idref="fl-32"/>
      </object_component>
      <object_component id="oc-e6">
         <name>.text</name>
         <load_address>0x468d</load_address>
         <run_address>0x468d</run_address>
         <size>0xc2</size>
         <input_file_ref idref="fl-35"/>
      </object_component>
      <object_component id="oc-1a">
         <name>.text</name>
         <load_address>0x474f</load_address>
         <run_address>0x474f</run_address>
         <size>0xbe</size>
         <input_file_ref idref="fl-3"/>
      </object_component>
      <object_component id="oc-d3">
         <name>.text:CIO_breakpoint</name>
         <load_address>0x480d</load_address>
         <run_address>0x480d</run_address>
         <size>0xba</size>
         <input_file_ref idref="fl-30"/>
      </object_component>
      <object_component id="oc-2d">
         <name>.text</name>
         <load_address>0x48c7</load_address>
         <run_address>0x48c7</run_address>
         <size>0xba</size>
         <input_file_ref idref="fl-b"/>
      </object_component>
      <object_component id="oc-8c">
         <name>.text</name>
         <load_address>0x4981</load_address>
         <run_address>0x4981</run_address>
         <size>0xa6</size>
         <input_file_ref idref="fl-20"/>
      </object_component>
      <object_component id="oc-7b">
         <name>.text</name>
         <load_address>0x4a27</load_address>
         <run_address>0x4a27</run_address>
         <size>0xa1</size>
         <input_file_ref idref="fl-1c"/>
      </object_component>
      <object_component id="oc-11a">
         <name>.text:MCBSP_start</name>
         <load_address>0x4ac8</load_address>
         <run_address>0x4ac8</run_address>
         <size>0x82</size>
         <input_file_ref idref="fl-4a"/>
      </object_component>
      <object_component id="oc-ab">
         <name>.text</name>
         <load_address>0x4b4a</load_address>
         <run_address>0x4b4a</run_address>
         <size>0x7d</size>
         <input_file_ref idref="fl-27"/>
      </object_component>
      <object_component id="oc-103">
         <name>.text</name>
         <load_address>0x4bc7</load_address>
         <run_address>0x4bc7</run_address>
         <size>0x7b</size>
         <input_file_ref idref="fl-3b"/>
      </object_component>
      <object_component id="oc-ea">
         <name>.text</name>
         <load_address>0x4c42</load_address>
         <run_address>0x4c42</run_address>
         <size>0x76</size>
         <input_file_ref idref="fl-36"/>
      </object_component>
      <object_component id="oc-95">
         <name>.text</name>
         <load_address>0x4cb8</load_address>
         <run_address>0x4cb8</run_address>
         <size>0x73</size>
         <input_file_ref idref="fl-22"/>
      </object_component>
      <object_component id="oc-110">
         <name>.text:I2C_config</name>
         <load_address>0x4d2c</load_address>
         <run_address>0x4d2c</run_address>
         <size>0x72</size>
         <input_file_ref idref="fl-40"/>
      </object_component>
      <object_component id="oc-c3">
         <name>.text</name>
         <load_address>0x4d9e</load_address>
         <run_address>0x4d9e</run_address>
         <size>0x72</size>
         <input_file_ref idref="fl-2d"/>
      </object_component>
      <object_component id="oc-3d">
         <name>.text</name>
         <load_address>0x4e10</load_address>
         <run_address>0x4e10</run_address>
         <size>0x6f</size>
         <input_file_ref idref="fl-e"/>
      </object_component>
      <object_component id="oc-83">
         <name>.text</name>
         <load_address>0x4e7f</load_address>
         <run_address>0x4e7f</run_address>
         <size>0x6f</size>
         <input_file_ref idref="fl-1e"/>
      </object_component>
      <object_component id="oc-38">
         <name>.text</name>
         <load_address>0x4eee</load_address>
         <run_address>0x4eee</run_address>
         <size>0x6d</size>
         <input_file_ref idref="fl-d"/>
      </object_component>
      <object_component id="oc-d0">
         <name>.text</name>
         <load_address>0x4f5b</load_address>
         <run_address>0x4f5b</run_address>
         <size>0x6d</size>
         <input_file_ref idref="fl-30"/>
      </object_component>
      <object_component id="oc-ee">
         <name>.text</name>
         <load_address>0x4fc8</load_address>
         <run_address>0x4fc8</run_address>
         <size>0x6b</size>
         <input_file_ref idref="fl-37"/>
      </object_component>
      <object_component id="oc-87">
         <name>.text</name>
         <load_address>0x5033</load_address>
         <run_address>0x5033</run_address>
         <size>0x67</size>
         <input_file_ref idref="fl-1f"/>
      </object_component>
      <object_component id="oc-65">
         <name>.text</name>
         <load_address>0x509a</load_address>
         <run_address>0x509a</run_address>
         <size>0x5c</size>
         <input_file_ref idref="fl-16"/>
      </object_component>
      <object_component id="oc-25">
         <name>.text</name>
         <load_address>0x50f6</load_address>
         <run_address>0x50f6</run_address>
         <size>0x55</size>
         <input_file_ref idref="fl-5"/>
      </object_component>
      <object_component id="oc-4d">
         <name>.text</name>
         <load_address>0x514b</load_address>
         <run_address>0x514b</run_address>
         <size>0x50</size>
         <input_file_ref idref="fl-11"/>
      </object_component>
      <object_component id="oc-69">
         <name>.text</name>
         <load_address>0x519b</load_address>
         <run_address>0x519b</run_address>
         <size>0x4d</size>
         <input_file_ref idref="fl-17"/>
      </object_component>
      <object_component id="oc-61">
         <name>.text</name>
         <load_address>0x51e8</load_address>
         <run_address>0x51e8</run_address>
         <size>0x4b</size>
         <input_file_ref idref="fl-15"/>
      </object_component>
      <object_component id="oc-bf">
         <name>.text</name>
         <load_address>0x5233</load_address>
         <run_address>0x5233</run_address>
         <size>0x4b</size>
         <input_file_ref idref="fl-2c"/>
      </object_component>
      <object_component id="oc-e2">
         <name>.text</name>
         <load_address>0x527e</load_address>
         <run_address>0x527e</run_address>
         <size>0x48</size>
         <input_file_ref idref="fl-34"/>
      </object_component>
      <object_component id="oc-b3">
         <name>.text</name>
         <load_address>0x52c6</load_address>
         <run_address>0x52c6</run_address>
         <size>0x3f</size>
         <input_file_ref idref="fl-29"/>
      </object_component>
      <object_component id="oc-46">
         <name>.text</name>
         <load_address>0x5305</load_address>
         <run_address>0x5305</run_address>
         <size>0x3e</size>
         <input_file_ref idref="fl-10"/>
      </object_component>
      <object_component id="oc-116">
         <name>.text:MCBSP_close</name>
         <load_address>0x5344</load_address>
         <run_address>0x5344</run_address>
         <size>0x36</size>
         <input_file_ref idref="fl-46"/>
      </object_component>
      <object_component id="oc-12">
         <name>.text</name>
         <load_address>0x537a</load_address>
         <run_address>0x537a</run_address>
         <size>0x34</size>
         <input_file_ref idref="fl-f"/>
      </object_component>
      <object_component id="oc-7f">
         <name>.text</name>
         <load_address>0x53ae</load_address>
         <run_address>0x53ae</run_address>
         <size>0x2a</size>
         <input_file_ref idref="fl-1d"/>
      </object_component>
      <object_component id="oc-d6">
         <name>.text</name>
         <load_address>0x53d8</load_address>
         <run_address>0x53d8</run_address>
         <size>0x2a</size>
         <input_file_ref idref="fl-31"/>
      </object_component>
      <object_component id="oc-af">
         <name>.text</name>
         <load_address>0x5402</load_address>
         <run_address>0x5402</run_address>
         <size>0x23</size>
         <input_file_ref idref="fl-28"/>
      </object_component>
      <object_component id="oc-99">
         <name>.text</name>
         <load_address>0x5425</load_address>
         <run_address>0x5425</run_address>
         <size>0x1a</size>
         <input_file_ref idref="fl-23"/>
      </object_component>
      <object_component id="oc-c7">
         <name>.text</name>
         <load_address>0x543f</load_address>
         <run_address>0x543f</run_address>
         <size>0x14</size>
         <input_file_ref idref="fl-2e"/>
      </object_component>
      <object_component id="oc-a1">
         <name>.text</name>
         <load_address>0x5453</load_address>
         <run_address>0x5453</run_address>
         <size>0x13</size>
         <input_file_ref idref="fl-25"/>
      </object_component>
      <object_component id="oc-55">
         <name>.text</name>
         <load_address>0x5466</load_address>
         <run_address>0x5466</run_address>
         <size>0x12</size>
         <input_file_ref idref="fl-13"/>
      </object_component>
      <object_component id="oc-bb">
         <name>.text</name>
         <load_address>0x5478</load_address>
         <run_address>0x5478</run_address>
         <size>0x10</size>
         <input_file_ref idref="fl-2b"/>
      </object_component>
      <object_component id="oc-113">
         <name>.text:IRQ_globalDisable</name>
         <load_address>0x5488</load_address>
         <run_address>0x5488</run_address>
         <size>0xf</size>
         <input_file_ref idref="fl-43"/>
      </object_component>
      <object_component id="oc-10b">
         <name>.text:_CSL_init</name>
         <load_address>0x5498</load_address>
         <run_address>0x5498</run_address>
         <size>0xd</size>
         <input_file_ref idref="fl-3d"/>
      </object_component>
      <object_component id="oc-10d">
         <name>.text:CSL_init</name>
         <load_address>0x54a8</load_address>
         <run_address>0x54a8</run_address>
         <size>0xc</size>
         <input_file_ref idref="fl-3e"/>
      </object_component>
      <object_component id="oc-114">
         <name>.text:IRQ_globalRestore</name>
         <load_address>0x54b4</load_address>
         <run_address>0x54b4</run_address>
         <size>0xc</size>
         <input_file_ref idref="fl-44"/>
      </object_component>
      <object_component id="oc-107">
         <name>.text</name>
         <load_address>0x54c0</load_address>
         <run_address>0x54c0</run_address>
         <size>0xa</size>
         <input_file_ref idref="fl-3c"/>
      </object_component>
      <object_component id="oc-4a">
         <name>.text:CIO_breakpoint</name>
         <load_address>0x54ca</load_address>
         <run_address>0x54ca</run_address>
         <size>0x7</size>
         <input_file_ref idref="fl-10"/>
      </object_component>
      <object_component id="oc-118">
         <name>.text:MCBSP_read16</name>
         <load_address>0x54d4</load_address>
         <run_address>0x54d4</run_address>
         <size>0x7</size>
         <input_file_ref idref="fl-48"/>
      </object_component>
      <object_component id="oc-11b">
         <name>.text:MCBSP_write16</name>
         <load_address>0x54dc</load_address>
         <run_address>0x54dc</run_address>
         <size>0x7</size>
         <input_file_ref idref="fl-4b"/>
      </object_component>
      <object_component id="oc-10c">
         <name>.text</name>
         <load_address>0x54e4</load_address>
         <run_address>0x54e4</run_address>
         <size>0x2</size>
         <input_file_ref idref="fl-3e"/>
      </object_component>
      <object_component id="oc-42">
         <name>.stack</name>
         <load_address>0x99e0</load_address>
         <run_address>0x99e0</run_address>
         <size>0x0</size>
         <input_file_ref idref="fl-f"/>
      </object_component>
      <object_component id="oc-13c">
         <name>.stack</name>
         <load_address>0x99e0</load_address>
         <run_address>0x99e0</run_address>
         <size>0x0</size>
      </object_component>
      <object_component id="oc-11e">
         <name>.sysstack</name>
         <load_address>0xd9e0</load_address>
         <run_address>0xd9e0</run_address>
         <size>0x0</size>
         <input_file_ref idref="fl-f"/>
      </object_component>
      <object_component id="oc-13e">
         <name>.sysstack</name>
         <load_address>0xd9e0</load_address>
         <run_address>0xd9e0</run_address>
         <size>0x0</size>
      </object_component>
      <object_component id="oc-11d">
         <name>.csldata:MCBSP_data</name>
         <load_address>0xf2a0</load_address>
         <run_address>0xf2a0</run_address>
         <size>0xcc</size>
         <input_file_ref idref="fl-4c"/>
      </object_component>
      <object_component id="oc-10f">
         <name>.csldata:SYS_data</name>
         <load_address>0xf36c</load_address>
         <run_address>0xf36c</run_address>
         <size>0x44</size>
         <input_file_ref idref="fl-3f"/>
      </object_component>
      <object_component id="oc-15">
         <name>.bss</name>
         <load_address>0x5500</load_address>
         <run_address>0x5500</run_address>
         <size>0x4006</size>
         <input_file_ref idref="fl-2"/>
      </object_component>
      <object_component id="oc-26">
         <name>.bss</name>
         <load_address>0x9506</load_address>
         <run_address>0x9506</run_address>
         <size>0x2</size>
         <input_file_ref idref="fl-5"/>
      </object_component>
      <object_component id="oc-73">
         <name>.bss</name>
         <load_address>0x9508</load_address>
         <run_address>0x9508</run_address>
         <size>0x232</size>
         <input_file_ref idref="fl-1a"/>
      </object_component>
      <object_component id="oc-cc">
         <name>.bss</name>
         <load_address>0x973a</load_address>
         <run_address>0x973a</run_address>
         <size>0x1a0</size>
         <input_file_ref idref="fl-2f"/>
      </object_component>
      <object_component id="oc-f7">
         <name>.bss</name>
         <load_address>0x98da</load_address>
         <run_address>0x98da</run_address>
         <size>0x2</size>
         <input_file_ref idref="fl-39"/>
      </object_component>
      <object_component id="oc-a6">
         <name>.bss</name>
         <load_address>0x98dc</load_address>
         <run_address>0x98dc</run_address>
         <size>0xe2</size>
         <input_file_ref idref="fl-26"/>
      </object_component>
      <object_component id="oc-fd">
         <name>.bss</name>
         <load_address>0x99c0</load_address>
         <run_address>0x99c0</run_address>
         <size>0xc</size>
         <input_file_ref idref="fl-3a"/>
      </object_component>
      <object_component id="oc-56">
         <name>.bss</name>
         <load_address>0x99cc</load_address>
         <run_address>0x99cc</run_address>
         <size>0x8</size>
         <input_file_ref idref="fl-13"/>
      </object_component>
      <object_component id="oc-47">
         <name>.bss</name>
         <load_address>0x99d4</load_address>
         <run_address>0x99d4</run_address>
         <size>0x8</size>
         <input_file_ref idref="fl-10"/>
      </object_component>
      <object_component id="oc-2e">
         <name>.bss</name>
         <load_address>0x99dc</load_address>
         <run_address>0x99dc</run_address>
         <size>0x4</size>
         <input_file_ref idref="fl-b"/>
      </object_component>
      <object_component id="oc-122">
         <name>.const:__ctypes_</name>
         <load_address>0xe9e0</load_address>
         <run_address>0xe9e0</run_address>
         <size>0x202</size>
         <input_file_ref idref="fl-19"/>
      </object_component>
      <object_component id="oc-29">
         <name>.const:.string</name>
         <load_address>0xebe4</load_address>
         <run_address>0xebe4</run_address>
         <size>0xc2</size>
         <input_file_ref idref="fl-5"/>
      </object_component>
      <object_component id="oc-1c">
         <name>.const:.string</name>
         <load_address>0xeca8</load_address>
         <run_address>0xeca8</run_address>
         <size>0x62</size>
         <input_file_ref idref="fl-3"/>
      </object_component>
      <object_component id="oc-11f">
         <name>.const:_$P$T0$1</name>
         <load_address>0xed0a</load_address>
         <run_address>0xed0a</run_address>
         <size>0x60</size>
         <input_file_ref idref="fl-4"/>
      </object_component>
      <object_component id="oc-5e">
         <name>.const:.string</name>
         <load_address>0xed6c</load_address>
         <run_address>0xed6c</run_address>
         <size>0x48</size>
         <input_file_ref idref="fl-14"/>
      </object_component>
      <object_component id="oc-120">
         <name>.const:_$P$T0$1</name>
         <load_address>0xedb4</load_address>
         <run_address>0xedb4</run_address>
         <size>0x36</size>
         <input_file_ref idref="fl-b"/>
      </object_component>
      <object_component id="oc-5d">
         <name>.const</name>
         <load_address>0xedec</load_address>
         <run_address>0xedec</run_address>
         <size>0x18</size>
         <input_file_ref idref="fl-14"/>
      </object_component>
      <object_component id="oc-121">
         <name>.const:_$P$T0$1</name>
         <load_address>0xee04</load_address>
         <run_address>0xee04</run_address>
         <size>0x14</size>
         <input_file_ref idref="fl-d"/>
      </object_component>
      <object_component id="oc-123">
         <name>.const:_initial_approx$1</name>
         <load_address>0xee18</load_address>
         <run_address>0xee18</run_address>
         <size>0x10</size>
         <input_file_ref idref="fl-1b"/>
      </object_component>
      <object_component id="oc-92">
         <name>.const:.string</name>
         <load_address>0xee28</load_address>
         <run_address>0xee28</run_address>
         <size>0x4</size>
         <input_file_ref idref="fl-21"/>
      </object_component>
      <object_component id="oc-89">
         <name>.const</name>
         <load_address>0xee2c</load_address>
         <run_address>0xee2c</run_address>
         <size>0x4</size>
         <input_file_ref idref="fl-1f"/>
      </object_component>
      <object_component id="oc-100">
         <name>.sysmem</name>
         <uninitialized>true</uninitialized>
         <run_address>0xb9e0</run_address>
         <size>0x0</size>
         <input_file_ref idref="fl-3a"/>
      </object_component>
      <object_component id="oc-13d">
         <name>.sysmem</name>
         <uninitialized>true</uninitialized>
         <run_address>0xb9e0</run_address>
         <size>0x0</size>
      </object_component>
      <object_component id="oc-11c">
         <name>.cinit</name>
         <load_address>0xf080</load_address>
         <run_address>0xf080</run_address>
         <size>0xd2</size>
         <input_file_ref idref="fl-4c"/>
      </object_component>
      <object_component id="oc-a8">
         <name>.cinit</name>
         <load_address>0xf152</load_address>
         <run_address>0xf152</run_address>
         <size>0x5a</size>
         <input_file_ref idref="fl-26"/>
      </object_component>
      <object_component id="oc-75">
         <name>.cinit</name>
         <load_address>0xf1ac</load_address>
         <run_address>0xf1ac</run_address>
         <size>0x54</size>
         <input_file_ref idref="fl-1a"/>
      </object_component>
      <object_component id="oc-10e">
         <name>.cinit</name>
         <load_address>0xf200</load_address>
         <run_address>0xf200</run_address>
         <size>0x4a</size>
         <input_file_ref idref="fl-3f"/>
      </object_component>
      <object_component id="oc-58">
         <name>.cinit</name>
         <load_address>0xf24a</load_address>
         <run_address>0xf24a</run_address>
         <size>0x14</size>
         <input_file_ref idref="fl-13"/>
      </object_component>
      <object_component id="oc-49">
         <name>.cinit</name>
         <load_address>0xf25e</load_address>
         <run_address>0xf25e</run_address>
         <size>0x14</size>
         <input_file_ref idref="fl-10"/>
      </object_component>
      <object_component id="oc-28">
         <name>.cinit</name>
         <load_address>0xf272</load_address>
         <run_address>0xf272</run_address>
         <size>0x8</size>
         <input_file_ref idref="fl-5"/>
      </object_component>
      <object_component id="oc-f9">
         <name>.cinit</name>
         <load_address>0xf27a</load_address>
         <run_address>0xf27a</run_address>
         <size>0x8</size>
         <input_file_ref idref="fl-39"/>
      </object_component>
      <object_component id="oc-ff">
         <name>.cinit</name>
         <load_address>0xf282</load_address>
         <run_address>0xf282</run_address>
         <size>0x8</size>
         <input_file_ref idref="fl-3a"/>
      </object_component>
      <object_component id="oc-d2">
         <name>.cio</name>
         <load_address>0xee40</load_address>
         <run_address>0xee40</run_address>
         <size>0x240</size>
         <input_file_ref idref="fl-30"/>
      </object_component>
      <object_component id="oc-13">
         <name>vectors</name>
         <load_address>0xfe00</load_address>
         <run_address>0xfe00</run_address>
         <size>0x100</size>
         <input_file_ref idref="fl-12"/>
      </object_component>
      <object_component id="oc-16">
         <name>.debug_info</name>
         <load_address>0x0</load_address>
         <run_address>0x0</run_address>
         <size>0xca0</size>
         <input_file_ref idref="fl-2"/>
      </object_component>
      <object_component id="oc-1b">
         <name>.debug_info</name>
         <load_address>0xca0</load_address>
         <run_address>0xca0</run_address>
         <size>0x9f2</size>
         <input_file_ref idref="fl-3"/>
      </object_component>
      <object_component id="oc-21">
         <name>.debug_info</name>
         <load_address>0x1692</load_address>
         <run_address>0x1692</run_address>
         <size>0xcb1</size>
         <input_file_ref idref="fl-4"/>
      </object_component>
      <object_component id="oc-27">
         <name>.debug_info</name>
         <load_address>0x2343</load_address>
         <run_address>0x2343</run_address>
         <size>0x61b</size>
         <input_file_ref idref="fl-5"/>
      </object_component>
      <object_component id="oc-2f">
         <name>.debug_info</name>
         <load_address>0x295e</load_address>
         <run_address>0x295e</run_address>
         <size>0x30ff</size>
         <input_file_ref idref="fl-b"/>
      </object_component>
      <object_component id="oc-34">
         <name>.debug_info</name>
         <load_address>0x5a5d</load_address>
         <run_address>0x5a5d</run_address>
         <size>0x2eec</size>
         <input_file_ref idref="fl-c"/>
      </object_component>
      <object_component id="oc-39">
         <name>.debug_info</name>
         <load_address>0x8949</load_address>
         <run_address>0x8949</run_address>
         <size>0x3031</size>
         <input_file_ref idref="fl-d"/>
      </object_component>
      <object_component id="oc-3e">
         <name>.debug_info</name>
         <load_address>0xb97a</load_address>
         <run_address>0xb97a</run_address>
         <size>0x2bda</size>
         <input_file_ref idref="fl-e"/>
      </object_component>
      <object_component id="oc-43">
         <name>.debug_info</name>
         <load_address>0xe554</load_address>
         <run_address>0xe554</run_address>
         <size>0xe8</size>
         <input_file_ref idref="fl-f"/>
      </object_component>
      <object_component id="oc-48">
         <name>.debug_info</name>
         <load_address>0xe63c</load_address>
         <run_address>0xe63c</run_address>
         <size>0x5fb</size>
         <input_file_ref idref="fl-10"/>
      </object_component>
      <object_component id="oc-4e">
         <name>.debug_info</name>
         <load_address>0xec37</load_address>
         <run_address>0xec37</run_address>
         <size>0x76c</size>
         <input_file_ref idref="fl-11"/>
      </object_component>
      <object_component id="oc-52">
         <name>.debug_info</name>
         <load_address>0xf3a3</load_address>
         <run_address>0xf3a3</run_address>
         <size>0xbc</size>
         <input_file_ref idref="fl-12"/>
      </object_component>
      <object_component id="oc-57">
         <name>.debug_info</name>
         <load_address>0xf45f</load_address>
         <run_address>0xf45f</run_address>
         <size>0x5bc</size>
         <input_file_ref idref="fl-13"/>
      </object_component>
      <object_component id="oc-5c">
         <name>.debug_info</name>
         <load_address>0xfa1b</load_address>
         <run_address>0xfa1b</run_address>
         <size>0x27bd</size>
         <input_file_ref idref="fl-14"/>
      </object_component>
      <object_component id="oc-62">
         <name>.debug_info</name>
         <load_address>0x121d8</load_address>
         <run_address>0x121d8</run_address>
         <size>0x586</size>
         <input_file_ref idref="fl-15"/>
      </object_component>
      <object_component id="oc-66">
         <name>.debug_info</name>
         <load_address>0x1275e</load_address>
         <run_address>0x1275e</run_address>
         <size>0x5a4</size>
         <input_file_ref idref="fl-16"/>
      </object_component>
      <object_component id="oc-6a">
         <name>.debug_info</name>
         <load_address>0x12d02</load_address>
         <run_address>0x12d02</run_address>
         <size>0xcd</size>
         <input_file_ref idref="fl-17"/>
      </object_component>
      <object_component id="oc-6e">
         <name>.debug_info</name>
         <load_address>0x12dcf</load_address>
         <run_address>0x12dcf</run_address>
         <size>0x81f</size>
         <input_file_ref idref="fl-18"/>
      </object_component>
      <object_component id="oc-71">
         <name>.debug_info</name>
         <load_address>0x135ee</load_address>
         <run_address>0x135ee</run_address>
         <size>0x498</size>
         <input_file_ref idref="fl-19"/>
      </object_component>
      <object_component id="oc-74">
         <name>.debug_info</name>
         <load_address>0x13a86</load_address>
         <run_address>0x13a86</run_address>
         <size>0x57e</size>
         <input_file_ref idref="fl-1a"/>
      </object_component>
      <object_component id="oc-78">
         <name>.debug_info</name>
         <load_address>0x14004</load_address>
         <run_address>0x14004</run_address>
         <size>0x7e8</size>
         <input_file_ref idref="fl-1b"/>
      </object_component>
      <object_component id="oc-7c">
         <name>.debug_info</name>
         <load_address>0x147ec</load_address>
         <run_address>0x147ec</run_address>
         <size>0x534</size>
         <input_file_ref idref="fl-1c"/>
      </object_component>
      <object_component id="oc-80">
         <name>.debug_info</name>
         <load_address>0x14d20</load_address>
         <run_address>0x14d20</run_address>
         <size>0x4cf</size>
         <input_file_ref idref="fl-1d"/>
      </object_component>
      <object_component id="oc-84">
         <name>.debug_info</name>
         <load_address>0x151ef</load_address>
         <run_address>0x151ef</run_address>
         <size>0x534</size>
         <input_file_ref idref="fl-1e"/>
      </object_component>
      <object_component id="oc-88">
         <name>.debug_info</name>
         <load_address>0x15723</load_address>
         <run_address>0x15723</run_address>
         <size>0x549</size>
         <input_file_ref idref="fl-1f"/>
      </object_component>
      <object_component id="oc-8d">
         <name>.debug_info</name>
         <load_address>0x15c6c</load_address>
         <run_address>0x15c6c</run_address>
         <size>0x6aa</size>
         <input_file_ref idref="fl-20"/>
      </object_component>
      <object_component id="oc-91">
         <name>.debug_info</name>
         <load_address>0x16316</load_address>
         <run_address>0x16316</run_address>
         <size>0x942</size>
         <input_file_ref idref="fl-21"/>
      </object_component>
      <object_component id="oc-96">
         <name>.debug_info</name>
         <load_address>0x16c58</load_address>
         <run_address>0x16c58</run_address>
         <size>0x53e</size>
         <input_file_ref idref="fl-22"/>
      </object_component>
      <object_component id="oc-9a">
         <name>.debug_info</name>
         <load_address>0x17196</load_address>
         <run_address>0x17196</run_address>
         <size>0x680</size>
         <input_file_ref idref="fl-23"/>
      </object_component>
      <object_component id="oc-9e">
         <name>.debug_info</name>
         <load_address>0x17816</load_address>
         <run_address>0x17816</run_address>
         <size>0x7d4</size>
         <input_file_ref idref="fl-24"/>
      </object_component>
      <object_component id="oc-a2">
         <name>.debug_info</name>
         <load_address>0x17fea</load_address>
         <run_address>0x17fea</run_address>
         <size>0xbd</size>
         <input_file_ref idref="fl-25"/>
      </object_component>
      <object_component id="oc-a7">
         <name>.debug_info</name>
         <load_address>0x180a7</load_address>
         <run_address>0x180a7</run_address>
         <size>0x144b</size>
         <input_file_ref idref="fl-26"/>
      </object_component>
      <object_component id="oc-ac">
         <name>.debug_info</name>
         <load_address>0x194f2</load_address>
         <run_address>0x194f2</run_address>
         <size>0x5ad</size>
         <input_file_ref idref="fl-27"/>
      </object_component>
      <object_component id="oc-b0">
         <name>.debug_info</name>
         <load_address>0x19a9f</load_address>
         <run_address>0x19a9f</run_address>
         <size>0x574</size>
         <input_file_ref idref="fl-28"/>
      </object_component>
      <object_component id="oc-b4">
         <name>.debug_info</name>
         <load_address>0x1a013</load_address>
         <run_address>0x1a013</run_address>
         <size>0xd1</size>
         <input_file_ref idref="fl-29"/>
      </object_component>
      <object_component id="oc-b8">
         <name>.debug_info</name>
         <load_address>0x1a0e4</load_address>
         <run_address>0x1a0e4</run_address>
         <size>0x55b</size>
         <input_file_ref idref="fl-2a"/>
      </object_component>
      <object_component id="oc-bc">
         <name>.debug_info</name>
         <load_address>0x1a63f</load_address>
         <run_address>0x1a63f</run_address>
         <size>0x4b7</size>
         <input_file_ref idref="fl-2b"/>
      </object_component>
      <object_component id="oc-c0">
         <name>.debug_info</name>
         <load_address>0x1aaf6</load_address>
         <run_address>0x1aaf6</run_address>
         <size>0x4f2</size>
         <input_file_ref idref="fl-2c"/>
      </object_component>
      <object_component id="oc-c4">
         <name>.debug_info</name>
         <load_address>0x1afe8</load_address>
         <run_address>0x1afe8</run_address>
         <size>0x534</size>
         <input_file_ref idref="fl-2d"/>
      </object_component>
      <object_component id="oc-c8">
         <name>.debug_info</name>
         <load_address>0x1b51c</load_address>
         <run_address>0x1b51c</run_address>
         <size>0x4de</size>
         <input_file_ref idref="fl-2e"/>
      </object_component>
      <object_component id="oc-cd">
         <name>.debug_info</name>
         <load_address>0x1b9fa</load_address>
         <run_address>0x1b9fa</run_address>
         <size>0xed4</size>
         <input_file_ref idref="fl-2f"/>
      </object_component>
      <object_component id="oc-d1">
         <name>.debug_info</name>
         <load_address>0x1c8ce</load_address>
         <run_address>0x1c8ce</run_address>
         <size>0x744</size>
         <input_file_ref idref="fl-30"/>
      </object_component>
      <object_component id="oc-d7">
         <name>.debug_info</name>
         <load_address>0x1d012</load_address>
         <run_address>0x1d012</run_address>
         <size>0xef</size>
         <input_file_ref idref="fl-31"/>
      </object_component>
      <object_component id="oc-db">
         <name>.debug_info</name>
         <load_address>0x1d101</load_address>
         <run_address>0x1d101</run_address>
         <size>0x662</size>
         <input_file_ref idref="fl-32"/>
      </object_component>
      <object_component id="oc-df">
         <name>.debug_info</name>
         <load_address>0x1d763</load_address>
         <run_address>0x1d763</run_address>
         <size>0x5ab</size>
         <input_file_ref idref="fl-33"/>
      </object_component>
      <object_component id="oc-e3">
         <name>.debug_info</name>
         <load_address>0x1dd0e</load_address>
         <run_address>0x1dd0e</run_address>
         <size>0x4f2</size>
         <input_file_ref idref="fl-34"/>
      </object_component>
      <object_component id="oc-e7">
         <name>.debug_info</name>
         <load_address>0x1e200</load_address>
         <run_address>0x1e200</run_address>
         <size>0x706</size>
         <input_file_ref idref="fl-35"/>
      </object_component>
      <object_component id="oc-eb">
         <name>.debug_info</name>
         <load_address>0x1e906</load_address>
         <run_address>0x1e906</run_address>
         <size>0x4d2</size>
         <input_file_ref idref="fl-36"/>
      </object_component>
      <object_component id="oc-ef">
         <name>.debug_info</name>
         <load_address>0x1edd8</load_address>
         <run_address>0x1edd8</run_address>
         <size>0x5f7</size>
         <input_file_ref idref="fl-37"/>
      </object_component>
      <object_component id="oc-f3">
         <name>.debug_info</name>
         <load_address>0x1f3cf</load_address>
         <run_address>0x1f3cf</run_address>
         <size>0x64a</size>
         <input_file_ref idref="fl-38"/>
      </object_component>
      <object_component id="oc-f8">
         <name>.debug_info</name>
         <load_address>0x1fa19</load_address>
         <run_address>0x1fa19</run_address>
         <size>0xa1c</size>
         <input_file_ref idref="fl-39"/>
      </object_component>
      <object_component id="oc-fe">
         <name>.debug_info</name>
         <load_address>0x20435</load_address>
         <run_address>0x20435</run_address>
         <size>0xb97</size>
         <input_file_ref idref="fl-3a"/>
      </object_component>
      <object_component id="oc-104">
         <name>.debug_info</name>
         <load_address>0x20fcc</load_address>
         <run_address>0x20fcc</run_address>
         <size>0x64f</size>
         <input_file_ref idref="fl-3b"/>
      </object_component>
      <object_component id="oc-108">
         <name>.debug_info</name>
         <load_address>0x2161b</load_address>
         <run_address>0x2161b</run_address>
         <size>0x510</size>
         <input_file_ref idref="fl-3c"/>
      </object_component>
      <object_component id="oc-140">
         <name>.debug_info</name>
         <load_address>0x21b2b</load_address>
         <run_address>0x21b2b</run_address>
         <size>0x6e</size>
      </object_component>
      <object_component id="oc-17">
         <name>.debug_frame</name>
         <load_address>0x0</load_address>
         <run_address>0x0</run_address>
         <size>0xe8</size>
         <input_file_ref idref="fl-2"/>
      </object_component>
      <object_component id="oc-1d">
         <name>.debug_frame</name>
         <load_address>0xe8</load_address>
         <run_address>0xe8</run_address>
         <size>0x11e</size>
         <input_file_ref idref="fl-3"/>
      </object_component>
      <object_component id="oc-22">
         <name>.debug_frame</name>
         <load_address>0x206</load_address>
         <run_address>0x206</run_address>
         <size>0xe6</size>
         <input_file_ref idref="fl-4"/>
      </object_component>
      <object_component id="oc-2a">
         <name>.debug_frame</name>
         <load_address>0x2ec</load_address>
         <run_address>0x2ec</run_address>
         <size>0xfb</size>
         <input_file_ref idref="fl-5"/>
      </object_component>
      <object_component id="oc-30">
         <name>.debug_frame</name>
         <load_address>0x3e7</load_address>
         <run_address>0x3e7</run_address>
         <size>0x138</size>
         <input_file_ref idref="fl-b"/>
      </object_component>
      <object_component id="oc-35">
         <name>.debug_frame</name>
         <load_address>0x51f</load_address>
         <run_address>0x51f</run_address>
         <size>0x157</size>
         <input_file_ref idref="fl-c"/>
      </object_component>
      <object_component id="oc-3a">
         <name>.debug_frame</name>
         <load_address>0x676</load_address>
         <run_address>0x676</run_address>
         <size>0x132</size>
         <input_file_ref idref="fl-d"/>
      </object_component>
      <object_component id="oc-3f">
         <name>.debug_frame</name>
         <load_address>0x7a8</load_address>
         <run_address>0x7a8</run_address>
         <size>0x138</size>
         <input_file_ref idref="fl-e"/>
      </object_component>
      <object_component id="oc-18">
         <name>.debug_line</name>
         <load_address>0x0</load_address>
         <run_address>0x0</run_address>
         <size>0xaa</size>
         <input_file_ref idref="fl-2"/>
      </object_component>
      <object_component id="oc-1e">
         <name>.debug_line</name>
         <load_address>0xaa</load_address>
         <run_address>0xaa</run_address>
         <size>0x91</size>
         <input_file_ref idref="fl-3"/>
      </object_component>
      <object_component id="oc-23">
         <name>.debug_line</name>
         <load_address>0x13b</load_address>
         <run_address>0x13b</run_address>
         <size>0xb5</size>
         <input_file_ref idref="fl-4"/>
      </object_component>
      <object_component id="oc-2b">
         <name>.debug_line</name>
         <load_address>0x1f0</load_address>
         <run_address>0x1f0</run_address>
         <size>0x67</size>
         <input_file_ref idref="fl-5"/>
      </object_component>
      <object_component id="oc-31">
         <name>.debug_line</name>
         <load_address>0x257</load_address>
         <run_address>0x257</run_address>
         <size>0x89b</size>
         <input_file_ref idref="fl-b"/>
      </object_component>
      <object_component id="oc-36">
         <name>.debug_line</name>
         <load_address>0xaf2</load_address>
         <run_address>0xaf2</run_address>
         <size>0x8ba</size>
         <input_file_ref idref="fl-c"/>
      </object_component>
      <object_component id="oc-3b">
         <name>.debug_line</name>
         <load_address>0x13ac</load_address>
         <run_address>0x13ac</run_address>
         <size>0x831</size>
         <input_file_ref idref="fl-d"/>
      </object_component>
      <object_component id="oc-40">
         <name>.debug_line</name>
         <load_address>0x1bdd</load_address>
         <run_address>0x1bdd</run_address>
         <size>0x8bd</size>
         <input_file_ref idref="fl-e"/>
      </object_component>
      <object_component id="oc-44">
         <name>.debug_line</name>
         <load_address>0x249a</load_address>
         <run_address>0x249a</run_address>
         <size>0x54</size>
         <input_file_ref idref="fl-f"/>
      </object_component>
      <object_component id="oc-4b">
         <name>.debug_line</name>
         <load_address>0x24ee</load_address>
         <run_address>0x24ee</run_address>
         <size>0x51</size>
         <input_file_ref idref="fl-10"/>
      </object_component>
      <object_component id="oc-4f">
         <name>.debug_line</name>
         <load_address>0x253f</load_address>
         <run_address>0x253f</run_address>
         <size>0x69</size>
         <input_file_ref idref="fl-11"/>
      </object_component>
      <object_component id="oc-53">
         <name>.debug_line</name>
         <load_address>0x25a8</load_address>
         <run_address>0x25a8</run_address>
         <size>0x37</size>
         <input_file_ref idref="fl-12"/>
      </object_component>
      <object_component id="oc-59">
         <name>.debug_line</name>
         <load_address>0x25df</load_address>
         <run_address>0x25df</run_address>
         <size>0x57</size>
         <input_file_ref idref="fl-13"/>
      </object_component>
      <object_component id="oc-5f">
         <name>.debug_line</name>
         <load_address>0x2636</load_address>
         <run_address>0x2636</run_address>
         <size>0x328</size>
         <input_file_ref idref="fl-14"/>
      </object_component>
      <object_component id="oc-63">
         <name>.debug_line</name>
         <load_address>0x295e</load_address>
         <run_address>0x295e</run_address>
         <size>0x41</size>
         <input_file_ref idref="fl-15"/>
      </object_component>
      <object_component id="oc-67">
         <name>.debug_line</name>
         <load_address>0x299f</load_address>
         <run_address>0x299f</run_address>
         <size>0x46</size>
         <input_file_ref idref="fl-16"/>
      </object_component>
      <object_component id="oc-6b">
         <name>.debug_line</name>
         <load_address>0x29e5</load_address>
         <run_address>0x29e5</run_address>
         <size>0x55</size>
         <input_file_ref idref="fl-17"/>
      </object_component>
      <object_component id="oc-6f">
         <name>.debug_line</name>
         <load_address>0x2a3a</load_address>
         <run_address>0x2a3a</run_address>
         <size>0xad</size>
         <input_file_ref idref="fl-18"/>
      </object_component>
      <object_component id="oc-79">
         <name>.debug_line</name>
         <load_address>0x2ae7</load_address>
         <run_address>0x2ae7</run_address>
         <size>0x5b</size>
         <input_file_ref idref="fl-1b"/>
      </object_component>
      <object_component id="oc-7d">
         <name>.debug_line</name>
         <load_address>0x2b42</load_address>
         <run_address>0x2b42</run_address>
         <size>0x44</size>
         <input_file_ref idref="fl-1c"/>
      </object_component>
      <object_component id="oc-81">
         <name>.debug_line</name>
         <load_address>0x2b86</load_address>
         <run_address>0x2b86</run_address>
         <size>0x3d</size>
         <input_file_ref idref="fl-1d"/>
      </object_component>
      <object_component id="oc-85">
         <name>.debug_line</name>
         <load_address>0x2bc3</load_address>
         <run_address>0x2bc3</run_address>
         <size>0x3d</size>
         <input_file_ref idref="fl-1e"/>
      </object_component>
      <object_component id="oc-8a">
         <name>.debug_line</name>
         <load_address>0x2c00</load_address>
         <run_address>0x2c00</run_address>
         <size>0x44</size>
         <input_file_ref idref="fl-1f"/>
      </object_component>
      <object_component id="oc-8e">
         <name>.debug_line</name>
         <load_address>0x2c44</load_address>
         <run_address>0x2c44</run_address>
         <size>0x56</size>
         <input_file_ref idref="fl-20"/>
      </object_component>
      <object_component id="oc-93">
         <name>.debug_line</name>
         <load_address>0x2c9a</load_address>
         <run_address>0x2c9a</run_address>
         <size>0xa8</size>
         <input_file_ref idref="fl-21"/>
      </object_component>
      <object_component id="oc-97">
         <name>.debug_line</name>
         <load_address>0x2d42</load_address>
         <run_address>0x2d42</run_address>
         <size>0x40</size>
         <input_file_ref idref="fl-22"/>
      </object_component>
      <object_component id="oc-9b">
         <name>.debug_line</name>
         <load_address>0x2d82</load_address>
         <run_address>0x2d82</run_address>
         <size>0x38</size>
         <input_file_ref idref="fl-23"/>
      </object_component>
      <object_component id="oc-9f">
         <name>.debug_line</name>
         <load_address>0x2dba</load_address>
         <run_address>0x2dba</run_address>
         <size>0xa8</size>
         <input_file_ref idref="fl-24"/>
      </object_component>
      <object_component id="oc-a3">
         <name>.debug_line</name>
         <load_address>0x2e62</load_address>
         <run_address>0x2e62</run_address>
         <size>0x3c</size>
         <input_file_ref idref="fl-25"/>
      </object_component>
      <object_component id="oc-a9">
         <name>.debug_line</name>
         <load_address>0x2e9e</load_address>
         <run_address>0x2e9e</run_address>
         <size>0x1b0</size>
         <input_file_ref idref="fl-26"/>
      </object_component>
      <object_component id="oc-ad">
         <name>.debug_line</name>
         <load_address>0x304e</load_address>
         <run_address>0x304e</run_address>
         <size>0x40</size>
         <input_file_ref idref="fl-27"/>
      </object_component>
      <object_component id="oc-b1">
         <name>.debug_line</name>
         <load_address>0x308e</load_address>
         <run_address>0x308e</run_address>
         <size>0x3c</size>
         <input_file_ref idref="fl-28"/>
      </object_component>
      <object_component id="oc-b5">
         <name>.debug_line</name>
         <load_address>0x30ca</load_address>
         <run_address>0x30ca</run_address>
         <size>0x4d</size>
         <input_file_ref idref="fl-29"/>
      </object_component>
      <object_component id="oc-b9">
         <name>.debug_line</name>
         <load_address>0x3117</load_address>
         <run_address>0x3117</run_address>
         <size>0x3c</size>
         <input_file_ref idref="fl-2a"/>
      </object_component>
      <object_component id="oc-bd">
         <name>.debug_line</name>
         <load_address>0x3153</load_address>
         <run_address>0x3153</run_address>
         <size>0x37</size>
         <input_file_ref idref="fl-2b"/>
      </object_component>
      <object_component id="oc-c1">
         <name>.debug_line</name>
         <load_address>0x318a</load_address>
         <run_address>0x318a</run_address>
         <size>0x3c</size>
         <input_file_ref idref="fl-2c"/>
      </object_component>
      <object_component id="oc-c5">
         <name>.debug_line</name>
         <load_address>0x31c6</load_address>
         <run_address>0x31c6</run_address>
         <size>0x44</size>
         <input_file_ref idref="fl-2d"/>
      </object_component>
      <object_component id="oc-c9">
         <name>.debug_line</name>
         <load_address>0x320a</load_address>
         <run_address>0x320a</run_address>
         <size>0x37</size>
         <input_file_ref idref="fl-2e"/>
      </object_component>
      <object_component id="oc-ce">
         <name>.debug_line</name>
         <load_address>0x3241</load_address>
         <run_address>0x3241</run_address>
         <size>0x15d</size>
         <input_file_ref idref="fl-2f"/>
      </object_component>
      <object_component id="oc-d4">
         <name>.debug_line</name>
         <load_address>0x339e</load_address>
         <run_address>0x339e</run_address>
         <size>0x6a</size>
         <input_file_ref idref="fl-30"/>
      </object_component>
      <object_component id="oc-d8">
         <name>.debug_line</name>
         <load_address>0x3408</load_address>
         <run_address>0x3408</run_address>
         <size>0x58</size>
         <input_file_ref idref="fl-31"/>
      </object_component>
      <object_component id="oc-dc">
         <name>.debug_line</name>
         <load_address>0x3460</load_address>
         <run_address>0x3460</run_address>
         <size>0x57</size>
         <input_file_ref idref="fl-32"/>
      </object_component>
      <object_component id="oc-e0">
         <name>.debug_line</name>
         <load_address>0x34b7</load_address>
         <run_address>0x34b7</run_address>
         <size>0x5c</size>
         <input_file_ref idref="fl-33"/>
      </object_component>
      <object_component id="oc-e4">
         <name>.debug_line</name>
         <load_address>0x3513</load_address>
         <run_address>0x3513</run_address>
         <size>0x3c</size>
         <input_file_ref idref="fl-34"/>
      </object_component>
      <object_component id="oc-e8">
         <name>.debug_line</name>
         <load_address>0x354f</load_address>
         <run_address>0x354f</run_address>
         <size>0x5b</size>
         <input_file_ref idref="fl-35"/>
      </object_component>
      <object_component id="oc-ec">
         <name>.debug_line</name>
         <load_address>0x35aa</load_address>
         <run_address>0x35aa</run_address>
         <size>0x3a</size>
         <input_file_ref idref="fl-36"/>
      </object_component>
      <object_component id="oc-f0">
         <name>.debug_line</name>
         <load_address>0x35e4</load_address>
         <run_address>0x35e4</run_address>
         <size>0x3c</size>
         <input_file_ref idref="fl-37"/>
      </object_component>
      <object_component id="oc-f4">
         <name>.debug_line</name>
         <load_address>0x3620</load_address>
         <run_address>0x3620</run_address>
         <size>0x3f</size>
         <input_file_ref idref="fl-38"/>
      </object_component>
      <object_component id="oc-fa">
         <name>.debug_line</name>
         <load_address>0x365f</load_address>
         <run_address>0x365f</run_address>
         <size>0xd7</size>
         <input_file_ref idref="fl-39"/>
      </object_component>
      <object_component id="oc-101">
         <name>.debug_line</name>
         <load_address>0x3736</load_address>
         <run_address>0x3736</run_address>
         <size>0x112</size>
         <input_file_ref idref="fl-3a"/>
      </object_component>
      <object_component id="oc-105">
         <name>.debug_line</name>
         <load_address>0x3848</load_address>
         <run_address>0x3848</run_address>
         <size>0x3d</size>
         <input_file_ref idref="fl-3b"/>
      </object_component>
      <object_component id="oc-109">
         <name>.debug_line</name>
         <load_address>0x3885</load_address>
         <run_address>0x3885</run_address>
         <size>0x39</size>
         <input_file_ref idref="fl-3c"/>
      </object_component>
      <object_component id="oc-19">
         <name>.debug_abbrev</name>
         <load_address>0x0</load_address>
         <run_address>0x0</run_address>
         <size>0x103</size>
         <input_file_ref idref="fl-2"/>
      </object_component>
      <object_component id="oc-1f">
         <name>.debug_abbrev</name>
         <load_address>0x103</load_address>
         <run_address>0x103</run_address>
         <size>0x105</size>
         <input_file_ref idref="fl-3"/>
      </object_component>
      <object_component id="oc-24">
         <name>.debug_abbrev</name>
         <load_address>0x208</load_address>
         <run_address>0x208</run_address>
         <size>0x106</size>
         <input_file_ref idref="fl-4"/>
      </object_component>
      <object_component id="oc-2c">
         <name>.debug_abbrev</name>
         <load_address>0x30e</load_address>
         <run_address>0x30e</run_address>
         <size>0xd7</size>
         <input_file_ref idref="fl-5"/>
      </object_component>
      <object_component id="oc-32">
         <name>.debug_abbrev</name>
         <load_address>0x3e5</load_address>
         <run_address>0x3e5</run_address>
         <size>0x210</size>
         <input_file_ref idref="fl-b"/>
      </object_component>
      <object_component id="oc-37">
         <name>.debug_abbrev</name>
         <load_address>0x5f5</load_address>
         <run_address>0x5f5</run_address>
         <size>0x183</size>
         <input_file_ref idref="fl-c"/>
      </object_component>
      <object_component id="oc-3c">
         <name>.debug_abbrev</name>
         <load_address>0x778</load_address>
         <run_address>0x778</run_address>
         <size>0x1bb</size>
         <input_file_ref idref="fl-d"/>
      </object_component>
      <object_component id="oc-41">
         <name>.debug_abbrev</name>
         <load_address>0x933</load_address>
         <run_address>0x933</run_address>
         <size>0x21e</size>
         <input_file_ref idref="fl-e"/>
      </object_component>
      <object_component id="oc-45">
         <name>.debug_abbrev</name>
         <load_address>0xb51</load_address>
         <run_address>0xb51</run_address>
         <size>0x3a</size>
         <input_file_ref idref="fl-f"/>
      </object_component>
      <object_component id="oc-4c">
         <name>.debug_abbrev</name>
         <load_address>0xb8b</load_address>
         <run_address>0xb8b</run_address>
         <size>0xf7</size>
         <input_file_ref idref="fl-10"/>
      </object_component>
      <object_component id="oc-50">
         <name>.debug_abbrev</name>
         <load_address>0xc82</load_address>
         <run_address>0xc82</run_address>
         <size>0x145</size>
         <input_file_ref idref="fl-11"/>
      </object_component>
      <object_component id="oc-54">
         <name>.debug_abbrev</name>
         <load_address>0xdc7</load_address>
         <run_address>0xdc7</run_address>
         <size>0x26</size>
         <input_file_ref idref="fl-12"/>
      </object_component>
      <object_component id="oc-5a">
         <name>.debug_abbrev</name>
         <load_address>0xded</load_address>
         <run_address>0xded</run_address>
         <size>0x9f</size>
         <input_file_ref idref="fl-13"/>
      </object_component>
      <object_component id="oc-60">
         <name>.debug_abbrev</name>
         <load_address>0xe8c</load_address>
         <run_address>0xe8c</run_address>
         <size>0x1f8</size>
         <input_file_ref idref="fl-14"/>
      </object_component>
      <object_component id="oc-64">
         <name>.debug_abbrev</name>
         <load_address>0x1084</load_address>
         <run_address>0x1084</run_address>
         <size>0xec</size>
         <input_file_ref idref="fl-15"/>
      </object_component>
      <object_component id="oc-68">
         <name>.debug_abbrev</name>
         <load_address>0x1170</load_address>
         <run_address>0x1170</run_address>
         <size>0xd5</size>
         <input_file_ref idref="fl-16"/>
      </object_component>
      <object_component id="oc-6c">
         <name>.debug_abbrev</name>
         <load_address>0x1245</load_address>
         <run_address>0x1245</run_address>
         <size>0x44</size>
         <input_file_ref idref="fl-17"/>
      </object_component>
      <object_component id="oc-70">
         <name>.debug_abbrev</name>
         <load_address>0x1289</load_address>
         <run_address>0x1289</run_address>
         <size>0xb7</size>
         <input_file_ref idref="fl-18"/>
      </object_component>
      <object_component id="oc-72">
         <name>.debug_abbrev</name>
         <load_address>0x1340</load_address>
         <run_address>0x1340</run_address>
         <size>0x68</size>
         <input_file_ref idref="fl-19"/>
      </object_component>
      <object_component id="oc-76">
         <name>.debug_abbrev</name>
         <load_address>0x13a8</load_address>
         <run_address>0x13a8</run_address>
         <size>0x83</size>
         <input_file_ref idref="fl-1a"/>
      </object_component>
      <object_component id="oc-7a">
         <name>.debug_abbrev</name>
         <load_address>0x142b</load_address>
         <run_address>0x142b</run_address>
         <size>0x112</size>
         <input_file_ref idref="fl-1b"/>
      </object_component>
      <object_component id="oc-7e">
         <name>.debug_abbrev</name>
         <load_address>0x153d</load_address>
         <run_address>0x153d</run_address>
         <size>0xb5</size>
         <input_file_ref idref="fl-1c"/>
      </object_component>
      <object_component id="oc-82">
         <name>.debug_abbrev</name>
         <load_address>0x15f2</load_address>
         <run_address>0x15f2</run_address>
         <size>0x8f</size>
         <input_file_ref idref="fl-1d"/>
      </object_component>
      <object_component id="oc-86">
         <name>.debug_abbrev</name>
         <load_address>0x1681</load_address>
         <run_address>0x1681</run_address>
         <size>0xb7</size>
         <input_file_ref idref="fl-1e"/>
      </object_component>
      <object_component id="oc-8b">
         <name>.debug_abbrev</name>
         <load_address>0x1738</load_address>
         <run_address>0x1738</run_address>
         <size>0xc2</size>
         <input_file_ref idref="fl-1f"/>
      </object_component>
[...]
         <name>_EZDSP5502_init</name>
         <value>0x4e66</value>
         <object_component_ref idref="oc-3d"/>
      </symbol>
      <symbol id="sm-10a">
         <name>__sysstack</name>
         <value>0xd9e0</value>
         <object_component_ref idref="oc-11e"/>
      </symbol>
      <symbol id="sm-10b">
         <name>_c_int00</name>
         <value>0x537a</value>
         <object_component_ref idref="oc-12"/>
      </symbol>
      <symbol id="sm-10c">
         <name>__stack</name>
         <value>0x99e0</value>
         <object_component_ref idref="oc-42"/>
      </symbol>
      <symbol id="sm-11c">
         <name>C$$EXIT</name>
         <value>0x54cb</value>
         <object_component_ref idref="oc-4a"/>
      </symbol>
      <symbol id="sm-11d">
         <name>_exit</name>
         <value>0x5305</value>
         <object_component_ref idref="oc-46"/>
      </symbol>
      <symbol id="sm-11e">
         <name>_abort</name>
         <value>0x54ca</value>
         <object_component_ref idref="oc-4a"/>
      </symbol>
      <symbol id="sm-11f">
         <name>__cleanup_ptr</name>
         <value>0x99d4</value>
         <object_component_ref idref="oc-47"/>
      </symbol>
      <symbol id="sm-120">
         <name>__dtors_ptr</name>
         <value>0x99d8</value>
         <object_component_ref idref="oc-47"/>
      </symbol>
      <symbol id="sm-12a">
         <name>_printf</name>
         <value>0x514b</value>
         <object_component_ref idref="oc-4d"/>
      </symbol>
      <symbol id="sm-134">
         <name>_Reset</name>
         <value>0xfe00</value>
         <object_component_ref idref="oc-13"/>
      </symbol>
      <symbol id="sm-142">
         <name>__unlock</name>
         <value>0x99d0</value>
         <object_component_ref idref="oc-56"/>
      </symbol>
      <symbol id="sm-143">
         <name>__lock</name>
         <value>0x99cc</value>
         <object_component_ref idref="oc-56"/>
      </symbol>
      <symbol id="sm-144">
         <name>__register_lock</name>
         <value>0x546e</value>
         <object_component_ref idref="oc-55"/>
      </symbol>
      <symbol id="sm-145">
         <name>__nop</name>
         <value>0x5476</value>
         <object_component_ref idref="oc-55"/>
      </symbol>
      <symbol id="sm-146">
         <name>__register_unlock</name>
         <value>0x5466</value>
         <object_component_ref idref="oc-55"/>
      </symbol>
      <symbol id="sm-158">
         <name>__printfi</name>
         <value>0x1662</value>
         <object_component_ref idref="oc-5b"/>
      </symbol>
      <symbol id="sm-162">
         <name>__args_main</name>
         <value>0x51e8</value>
         <object_component_ref idref="oc-61"/>
      </symbol>
      <symbol id="sm-163">
         <name>__TI_args_main</name>
         <value>0x1</value>
      </symbol>
      <symbol id="sm-16d">
         <name>_atoi</name>
         <value>0x509a</value>
         <object_component_ref idref="oc-65"/>
      </symbol>
      <symbol id="sm-175">
         <name>_auto_init</name>
         <value>0x519b</value>
         <object_component_ref idref="oc-69"/>
      </symbol>
      <symbol id="sm-17f">
         <name>__eqld</name>
         <value>0x3b34</value>
         <object_component_ref idref="oc-6d"/>
      </symbol>
      <symbol id="sm-180">
         <name>__cmpd</name>
         <value>0x3b68</value>
         <object_component_ref idref="oc-6d"/>
      </symbol>
      <symbol id="sm-181">
         <name>__neqd</name>
         <value>0x39d6</value>
         <object_component_ref idref="oc-6d"/>
      </symbol>
      <symbol id="sm-182">
         <name>__gtrd</name>
         <value>0x3a9f</value>
         <object_component_ref idref="oc-6d"/>
      </symbol>
      <symbol id="sm-183">
         <name>__geqd</name>
         <value>0x3aea</value>
         <object_component_ref idref="oc-6d"/>
      </symbol>
      <symbol id="sm-184">
         <name>__leqd</name>
         <value>0x3a52</value>
         <object_component_ref idref="oc-6d"/>
      </symbol>
      <symbol id="sm-185">
         <name>__lssd</name>
         <value>0x3a0a</value>
         <object_component_ref idref="oc-6d"/>
      </symbol>
      <symbol id="sm-18d">
         <name>__ctypes_</name>
         <value>0xe9e0</value>
         <object_component_ref idref="oc-122"/>
      </symbol>
      <symbol id="sm-197">
         <name>__tmpnams</name>
         <value>0x95f8</value>
         <object_component_ref idref="oc-73"/>
      </symbol>
      <symbol id="sm-198">
         <name>__ft_end</name>
         <value>0x9738</value>
         <object_component_ref idref="oc-73"/>
      </symbol>
      <symbol id="sm-199">
         <name>__ftable</name>
         <value>0x9508</value>
         <object_component_ref idref="oc-73"/>
      </symbol>
      <symbol id="sm-1a5">
         <name>__divd</name>
         <value>0x27c4</value>
         <object_component_ref idref="oc-77"/>
      </symbol>
      <symbol id="sm-1b0">
         <name>__divul</name>
         <value>0x4a27</value>
         <object_component_ref idref="oc-7b"/>
      </symbol>
      <symbol id="sm-1ba">
         <name>__fixdi</name>
         <value>0x53ae</value>
         <object_component_ref idref="oc-7f"/>
      </symbol>
      <symbol id="sm-1c4">
         <name>__fixdli</name>
         <value>0x4e7f</value>
         <object_component_ref idref="oc-83"/>
      </symbol>
      <symbol id="sm-1d0">
         <name>__fltlid</name>
         <value>0x5033</value>
         <object_component_ref idref="oc-87"/>
      </symbol>
      <symbol id="sm-1da">
         <name>_putchar</name>
         <value>0x4a18</value>
         <object_component_ref idref="oc-8c"/>
      </symbol>
      <symbol id="sm-1db">
         <name>_putc</name>
         <value>0x4981</value>
         <object_component_ref idref="oc-8c"/>
      </symbol>
      <symbol id="sm-1dc">
         <name>_fputc</name>
         <value>0x4981</value>
         <object_component_ref idref="oc-8c"/>
      </symbol>
      <symbol id="sm-1ea">
         <name>_puts</name>
         <value>0x3e83</value>
         <object_component_ref idref="oc-90"/>
      </symbol>
      <symbol id="sm-1eb">
         <name>_fputs</name>
         <value>0x3d4e</value>
         <object_component_ref idref="oc-90"/>
      </symbol>
      <symbol id="sm-1f5">
         <name>__frcmpyd_div</name>
         <value>0x4cb8</value>
         <object_component_ref idref="oc-95"/>
      </symbol>
      <symbol id="sm-1ff">
         <name>___isinf</name>
         <value>0x5425</value>
         <object_component_ref idref="oc-99"/>
      </symbol>
      <symbol id="sm-209">
         <name>__divull</name>
         <value>0x340a</value>
         <object_component_ref idref="oc-9d"/>
      </symbol>
      <symbol id="sm-20a">
         <name>__mpylli</name>
         <value>0x3352</value>
         <object_component_ref idref="oc-9d"/>
      </symbol>
      <symbol id="sm-20b">
         <name>__remlli</name>
         <value>0x3323</value>
         <object_component_ref idref="oc-9d"/>
      </symbol>
      <symbol id="sm-20c">
         <name>__divlli</name>
         <value>0x34fe</value>
         <object_component_ref idref="oc-9d"/>
      </symbol>
      <symbol id="sm-20d">
         <name>__remull</name>
         <value>0x32d5</value>
         <object_component_ref idref="oc-9d"/>
      </symbol>
      <symbol id="sm-215">
         <name>__mpyli</name>
         <value>0x5453</value>
         <object_component_ref idref="oc-a1"/>
      </symbol>
      <symbol id="sm-216">
         <name>I$$LMPY</name>
         <value>0x5453</value>
         <object_component_ref idref="oc-a1"/>
      </symbol>
      <symbol id="sm-228">
         <name>_add_device</name>
         <value>0x1cf7</value>
         <object_component_ref idref="oc-a5"/>
      </symbol>
      <symbol id="sm-229">
         <name>_rename</name>
         <value>0x1a19</value>
         <object_component_ref idref="oc-a5"/>
      </symbol>
      <symbol id="sm-22a">
         <name>_read</name>
         <value>0x1aa8</value>
         <object_component_ref idref="oc-a5"/>
      </symbol>
      <symbol id="sm-22b">
         <name>_unlink</name>
         <value>0x19e6</value>
         <object_component_ref idref="oc-a5"/>
      </symbol>
      <symbol id="sm-22c">
         <name>_remove_device</name>
         <value>0x1a72</value>
         <object_component_ref idref="oc-a5"/>
      </symbol>
      <symbol id="sm-22d">
         <name>_open</name>
         <value>0x1b56</value>
         <object_component_ref idref="oc-a5"/>
      </symbol>
      <symbol id="sm-22e">
         <name>_find_registered_device</name>
         <value>0x1c7b</value>
         <object_component_ref idref="oc-a5"/>
      </symbol>
      <symbol id="sm-22f">
         <name>_lseek</name>
         <value>0x1c15</value>
         <object_component_ref idref="oc-a5"/>
      </symbol>
      <symbol id="sm-230">
         <name>_close</name>
         <value>0x1c84</value>
         <object_component_ref idref="oc-a5"/>
      </symbol>
      <symbol id="sm-231">
         <name>_write</name>
         <value>0x18a4</value>
         <object_component_ref idref="oc-a5"/>
      </symbol>
      <symbol id="sm-23b">
         <name>_ltoa</name>
         <value>0x4b4a</value>
         <object_component_ref idref="oc-ab"/>
      </symbol>
      <symbol id="sm-246">
         <name>_memccpy</name>
         <value>0x5402</value>
         <object_component_ref idref="oc-af"/>
      </symbol>
      <symbol id="sm-24e">
         <name>_memcpy</name>
         <value>0x52c6</value>
         <object_component_ref idref="oc-b3"/>
      </symbol>
      <symbol id="sm-258">
         <name>__mpyd</name>
         <value>0x415f</value>
         <object_component_ref idref="oc-b7"/>
      </symbol>
      <symbol id="sm-262">
         <name>__negd</name>
         <value>0x5478</value>
         <object_component_ref idref="oc-bb"/>
      </symbol>
      <symbol id="sm-26c">
         <name>__remli</name>
         <value>0x5233</value>
         <object_component_ref idref="oc-bf"/>
      </symbol>
      <symbol id="sm-277">
         <name>__remul</name>
         <value>0x4d9e</value>
         <object_component_ref idref="oc-c3"/>
      </symbol>
      <symbol id="sm-281">
         <name>__subd</name>
         <value>0x543f</value>
         <object_component_ref idref="oc-c7"/>
      </symbol>
      <symbol id="sm-28d">
         <name>_HOSTopen</name>
         <value>0x20f2</value>
         <object_component_ref idref="oc-cb"/>
      </symbol>
      <symbol id="sm-28e">
         <name>_HOSTread</name>
         <value>0x2065</value>
         <object_component_ref idref="oc-cb"/>
      </symbol>
      <symbol id="sm-28f">
         <name>_HOSTtime</name>
         <value>0x1f59</value>
         <object_component_ref idref="oc-cb"/>
      </symbol>
      <symbol id="sm-290">
         <name>_getenv</name>
         <value>0x1de7</value>
         <object_component_ref idref="oc-cb"/>
      </symbol>
      <symbol id="sm-291">
         <name>_HOSTrename</name>
         <value>0x1fb7</value>
         <object_component_ref idref="oc-cb"/>
      </symbol>
      <symbol id="sm-292">
         <name>_HOSTclock</name>
         <value>0x22b1</value>
         <object_component_ref idref="oc-cb"/>
      </symbol>
      <symbol id="sm-293">
         <name>_HOSTwrite</name>
         <value>0x1e62</value>
         <object_component_ref idref="oc-cb"/>
      </symbol>
      <symbol id="sm-294">
         <name>_HOSTlseek</name>
         <value>0x2191</value>
         <object_component_ref idref="oc-cb"/>
      </symbol>
      <symbol id="sm-295">
         <name>_HOSTunlink</name>
         <value>0x1eef</value>
         <object_component_ref idref="oc-cb"/>
      </symbol>
      <symbol id="sm-296">
         <name>_HOSTclose</name>
         <value>0x2246</value>
         <object_component_ref idref="oc-cb"/>
      </symbol>
      <symbol id="sm-2a8">
         <name>C$$IO$$</name>
         <value>0x48c2</value>
         <object_component_ref idref="oc-d3"/>
      </symbol>
      <symbol id="sm-2a9">
         <name>__CIOBUF_</name>
         <value>0xee40</value>
         <object_component_ref idref="oc-d2"/>
      </symbol>
      <symbol id="sm-2aa">
         <name>_readmsg</name>
         <value>0x4f5b</value>
         <object_component_ref idref="oc-d0"/>
      </symbol>
      <symbol id="sm-2ab">
         <name>_writemsg</name>
         <value>0x480d</value>
         <object_component_ref idref="oc-d3"/>
      </symbol>
      <symbol id="sm-2b3">
         <name>__remu</name>
         <value>0x53ed</value>
         <object_component_ref idref="oc-d6"/>
      </symbol>
      <symbol id="sm-2b4">
         <name>__divu</name>
         <value>0x53d8</value>
         <object_component_ref idref="oc-d6"/>
      </symbol>
      <symbol id="sm-2b5">
         <name>I$$UMOD</name>
         <value>0x53ed</value>
         <object_component_ref idref="oc-d6"/>
      </symbol>
      <symbol id="sm-2b6">
         <name>I$$UDIV</name>
         <value>0x53d8</value>
         <object_component_ref idref="oc-d6"/>
      </symbol>
      <symbol id="sm-2c0">
         <name>__rd_ok</name>
         <value>0x4630</value>
         <object_component_ref idref="oc-da"/>
      </symbol>
      <symbol id="sm-2c1">
         <name>__wrt_ok</name>
         <value>0x45b0</value>
         <object_component_ref idref="oc-da"/>
      </symbol>
      <symbol id="sm-2cb">
         <name>__addd</name>
         <value>0x3533</value>
         <object_component_ref idref="oc-de"/>
      </symbol>
      <symbol id="sm-2d5">
         <name>__divli</name>
         <value>0x527e</value>
         <object_component_ref idref="oc-e2"/>
      </symbol>
      <symbol id="sm-2df">
         <name>__doflush</name>
         <value>0x468d</value>
         <object_component_ref idref="oc-e6"/>
      </symbol>
      <symbol id="sm-2e0">
         <name>_fflush</name>
         <value>0x46f6</value>
         <object_component_ref idref="oc-e6"/>
      </symbol>
      <symbol id="sm-2ea">
         <name>__frcmpyd</name>
         <value>0x4c42</value>
         <object_component_ref idref="oc-ea"/>
      </symbol>
      <symbol id="sm-2f4">
         <name>_fseek</name>
         <value>0x4fc8</value>
         <object_component_ref idref="oc-ee"/>
      </symbol>
      <symbol id="sm-2fe">
         <name>_setvbuf</name>
         <value>0x44ca</value>
         <object_component_ref idref="oc-f2"/>
      </symbol>
      <symbol id="sm-30d">
         <name>__cleanup</name>
         <value>0x2cb1</value>
         <object_component_ref idref="oc-f6"/>
      </symbol>
      <symbol id="sm-30e">
         <name>_fopen</name>
         <value>0x2dd4</value>
         <object_component_ref idref="oc-f6"/>
      </symbol>
      <symbol id="sm-30f">
         <name>_freopen</name>
         <value>0x2d0b</value>
         <object_component_ref idref="oc-f6"/>
      </symbol>
      <symbol id="sm-31f">
         <name>__sys_memory</name>
         <value>0xb9e0</value>
         <object_component_ref idref="oc-100"/>
      </symbol>
      <symbol id="sm-320">
         <name>_chkheap</name>
         <value>0x2796</value>
         <object_component_ref idref="oc-fc"/>
      </symbol>
      <symbol id="sm-321">
         <name>_realloc</name>
         <value>0x2535</value>
         <object_component_ref idref="oc-fc"/>
      </symbol>
      <symbol id="sm-322">
         <name>_free_memory</name>
         <value>0x2740</value>
         <object_component_ref idref="oc-fc"/>
      </symbol>
      <symbol id="sm-323">
         <name>_max_free</name>
         <value>0x26e6</value>
         <object_component_ref idref="oc-fc"/>
      </symbol>
      <symbol id="sm-324">
         <name>_free</name>
         <value>0x230f</value>
         <object_component_ref idref="oc-fc"/>
      </symbol>
      <symbol id="sm-325">
         <name>_calloc</name>
         <value>0x279e</value>
         <object_component_ref idref="oc-fc"/>
      </symbol>
      <symbol id="sm-326">
         <name>_malloc</name>
         <value>0x2440</value>
         <object_component_ref idref="oc-fc"/>
      </symbol>
      <symbol id="sm-327">
         <name>_minit</name>
         <value>0x23db</value>
         <object_component_ref idref="oc-fc"/>
      </symbol>
      <symbol id="sm-331">
         <name>_fclose</name>
         <value>0x4bc7</value>
         <object_component_ref idref="oc-103"/>
      </symbol>
      <symbol id="sm-33b">
         <name>_remove</name>
         <value>0x54c0</value>
         <object_component_ref idref="oc-107"/>
      </symbol>
      <symbol id="sm-33f">
         <name>__CSL_init</name>
         <value>0x5498</value>
         <object_component_ref idref="oc-10b"/>
      </symbol>
      <symbol id="sm-345">
         <name>_CSL5502_LIB_</name>
         <value>0x54e4</value>
         <object_component_ref idref="oc-10c"/>
      </symbol>
      <symbol id="sm-346">
         <name>_CSL_init</name>
         <value>0x54a8</value>
         <object_component_ref idref="oc-10d"/>
      </symbol>
      <symbol id="sm-34c">
         <name>_CSL_SysData</name>
         <value>0xf36c</value>
         <object_component_ref idref="oc-10f"/>
      </symbol>
      <symbol id="sm-350">
         <name>_I2C_config</name>
         <value>0x4d2c</value>
         <object_component_ref idref="oc-110"/>
      </symbol>
      <symbol id="sm-358">
         <name>_I2C_read</name>
         <value>0x3eb4</value>
         <object_component_ref idref="oc-111"/>
      </symbol>
      <symbol id="sm-362">
         <name>_I2C_write</name>
         <value>0x3bc0</value>
         <object_component_ref idref="oc-112"/>
      </symbol>
      <symbol id="sm-366">
         <name>_IRQ_globalDisable</name>
         <value>0x5488</value>
         <object_component_ref idref="oc-113"/>
      </symbol>
      <symbol id="sm-36a">
         <name>_IRQ_globalRestore</name>
         <value>0x54b4</value>
         <object_component_ref idref="oc-114"/>
      </symbol>
      <symbol id="sm-36e">
         <name>_MCBSP_config</name>
         <value>0x42ac</value>
         <object_component_ref idref="oc-115"/>
      </symbol>
      <symbol id="sm-372">
         <name>_MCBSP_close</name>
         <value>0x5344</value>
         <object_component_ref idref="oc-116"/>
      </symbol>
      <symbol id="sm-377">
         <name>_MCBSP_open</name>
         <value>0x43dc</value>
         <object_component_ref idref="oc-117"/>
      </symbol>
      <symbol id="sm-37b">
         <name>_MCBSP_read16</name>
         <value>0x54d4</value>
         <object_component_ref idref="oc-118"/>
      </symbol>
      <symbol id="sm-37f">
         <name>_MCBSP_reset</name>
         <value>0x3074</value>
         <object_component_ref idref="oc-119"/>
      </symbol>
      <symbol id="sm-383">
         <name>_MCBSP_start</name>
         <value>0x4ac8</value>
         <object_component_ref idref="oc-11a"/>
      </symbol>
      <symbol id="sm-387">
         <name>_MCBSP_write16</name>
         <value>0x54dc</value>
         <object_component_ref idref="oc-11b"/>
      </symbol>
      <symbol id="sm-38d">
         <name>_CSL_McbspData</name>
         <value>0xf2a0</value>
         <object_component_ref idref="oc-11d"/>
      </symbol>
   </symbol_table>
</link_info>
